Product: MDK-ARM Standard 5.10
Component: ARM Compiler 5.04 update 1 (build 49)
Tool: armlink [5040049]

==============================================================================

Section Cross References

    startup_stm32f10x_hd.o(RESET) refers to startup_stm32f10x_hd.o(STACK) for __initial_sp
    startup_stm32f10x_hd.o(RESET) refers to startup_stm32f10x_hd.o(.text) for Reset_Handler
    startup_stm32f10x_hd.o(RESET) refers to stm32f10x_it.o(i.NMI_Handler) for NMI_Handler
    startup_stm32f10x_hd.o(RESET) refers to stm32f10x_it.o(i.HardFault_Handler) for HardFault_Handler
    startup_stm32f10x_hd.o(RESET) refers to stm32f10x_it.o(i.MemManage_Handler) for MemManage_Handler
    startup_stm32f10x_hd.o(RESET) refers to stm32f10x_it.o(i.BusFault_Handler) for BusFault_Handler
    startup_stm32f10x_hd.o(RESET) refers to stm32f10x_it.o(i.UsageFault_Handler) for UsageFault_Handler
    startup_stm32f10x_hd.o(RESET) refers to stm32f10x_it.o(i.SVC_Handler) for SVC_Handler
    startup_stm32f10x_hd.o(RESET) refers to stm32f10x_it.o(i.DebugMon_Handler) for DebugMon_Handler
    startup_stm32f10x_hd.o(RESET) refers to stm32f10x_it.o(i.PendSV_Handler) for PendSV_Handler
    startup_stm32f10x_hd.o(RESET) refers to stm32f10x_it.o(i.SysTick_Handler) for SysTick_Handler
    startup_stm32f10x_hd.o(RESET) refers to stm32f10x_it.o(i.EXTI4_IRQHandler) for EXTI4_IRQHandler
    startup_stm32f10x_hd.o(.text) refers to system_stm32f10x.o(i.SystemInit) for SystemInit
    startup_stm32f10x_hd.o(.text) refers to entry.o(.ARM.Collect$$$$00000000) for __main
    system_stm32f10x.o(i.SetSysClock) refers to system_stm32f10x.o(i.SetSysClockTo72) for SetSysClockTo72
    system_stm32f10x.o(i.SystemCoreClockUpdate) refers to system_stm32f10x.o(.data) for SystemCoreClock
    system_stm32f10x.o(i.SystemInit) refers to system_stm32f10x.o(i.SetSysClock) for SetSysClock
    stm32f10x_adc.o(i.ADC_DeInit) refers to stm32f10x_rcc.o(i.RCC_APB2PeriphResetCmd) for RCC_APB2PeriphResetCmd
    stm32f10x_dac.o(i.DAC_DeInit) refers to stm32f10x_rcc.o(i.RCC_APB1PeriphResetCmd) for RCC_APB1PeriphResetCmd
    stm32f10x_gpio.o(i.GPIO_AFIODeInit) refers to stm32f10x_rcc.o(i.RCC_APB2PeriphResetCmd) for RCC_APB2PeriphResetCmd
    stm32f10x_gpio.o(i.GPIO_DeInit) refers to stm32f10x_rcc.o(i.RCC_APB2PeriphResetCmd) for RCC_APB2PeriphResetCmd
    stm32f10x_i2c.o(i.I2C_DeInit) refers to stm32f10x_rcc.o(i.RCC_APB1PeriphResetCmd) for RCC_APB1PeriphResetCmd
    stm32f10x_i2c.o(i.I2C_Init) refers to stm32f10x_rcc.o(i.RCC_GetClocksFreq) for RCC_GetClocksFreq
    stm32f10x_rcc.o(i.RCC_GetClocksFreq) refers to stm32f10x_rcc.o(.data) for APBAHBPrescTable
    stm32f10x_rcc.o(i.RCC_WaitForHSEStartUp) refers to stm32f10x_rcc.o(i.RCC_GetFlagStatus) for RCC_GetFlagStatus
    stm32f10x_spi.o(i.I2S_Init) refers to stm32f10x_rcc.o(i.RCC_GetClocksFreq) for RCC_GetClocksFreq
    stm32f10x_spi.o(i.SPI_I2S_DeInit) refers to stm32f10x_rcc.o(i.RCC_APB2PeriphResetCmd) for RCC_APB2PeriphResetCmd
    stm32f10x_spi.o(i.SPI_I2S_DeInit) refers to stm32f10x_rcc.o(i.RCC_APB1PeriphResetCmd) for RCC_APB1PeriphResetCmd
    stm32f10x_usart.o(i.USART_DeInit) refers to stm32f10x_rcc.o(i.RCC_APB2PeriphResetCmd) for RCC_APB2PeriphResetCmd
    stm32f10x_usart.o(i.USART_DeInit) refers to stm32f10x_rcc.o(i.RCC_APB1PeriphResetCmd) for RCC_APB1PeriphResetCmd
    stm32f10x_usart.o(i.USART_Init) refers to stm32f10x_rcc.o(i.RCC_GetClocksFreq) for RCC_GetClocksFreq
    main.o(i.main) refers to bsp_systick.o(i.SysTick_Init) for SysTick_Init
    main.o(i.main) refers to bsp_ili9341_lcd.o(i.LCD_Init) for LCD_Init
    main.o(i.main) refers to bsp_ili9341_lcd.o(i.Lcd_GramScan) for Lcd_GramScan
    main.o(i.main) refers to bsp_ili9341_lcd.o(i.LCD_Clear) for LCD_Clear
    main.o(i.main) refers to bsp_touch.o(i.Touch_Init) for Touch_Init
    main.o(i.main) refers to bsp_touch.o(i.Touch_Calibrate) for Touch_Calibrate
    main.o(i.main) refers to bsp_touch.o(i.Read_2046_2) for Read_2046_2
    main.o(i.main) refers to bsp_touch.o(i.Get_touch_point) for Get_touch_point
    main.o(i.main) refers to bsp_touch.o(.bss) for touch_para
    main.o(i.main) refers to bsp_touch.o(.data) for display
    stm32f10x_it.o(i.EXTI4_IRQHandler) refers to stm32f10x_exti.o(i.EXTI_GetITStatus) for EXTI_GetITStatus
    stm32f10x_it.o(i.EXTI4_IRQHandler) refers to stm32f10x_exti.o(i.EXTI_ClearITPendingBit) for EXTI_ClearITPendingBit
    stm32f10x_it.o(i.EXTI4_IRQHandler) refers to stm32f10x_it.o(.data) for touch_flag
    stm32f10x_it.o(i.SysTick_Handler) refers to bsp_systick.o(i.TimingDelay_Decrement) for TimingDelay_Decrement
    bsp_ili9341_lcd.o(i.LCD_DisNum) refers to bsp_ili9341_lcd.o(i.LCD_DispChar) for LCD_DispChar
    bsp_ili9341_lcd.o(i.LCD_DispChar) refers to bsp_ili9341_lcd.o(i.LCD_OpenWindow) for LCD_OpenWindow
    bsp_ili9341_lcd.o(i.LCD_DispChar) refers to bsp_ili9341_lcd.o(.constdata) for asc2_1206
    bsp_ili9341_lcd.o(i.LCD_DispStr) refers to bsp_ili9341_lcd.o(i.LCD_DispChar) for LCD_DispChar
    bsp_ili9341_lcd.o(i.LCD_FSMC_Config) refers to stm32f10x_fsmc.o(i.FSMC_NORSRAMInit) for FSMC_NORSRAMInit
    bsp_ili9341_lcd.o(i.LCD_FSMC_Config) refers to stm32f10x_fsmc.o(i.FSMC_NORSRAMCmd) for FSMC_NORSRAMCmd
    bsp_ili9341_lcd.o(i.LCD_GPIO_Config) refers to stm32f10x_rcc.o(i.RCC_AHBPeriphClockCmd) for RCC_AHBPeriphClockCmd
    bsp_ili9341_lcd.o(i.LCD_GPIO_Config) refers to stm32f10x_rcc.o(i.RCC_APB2PeriphClockCmd) for RCC_APB2PeriphClockCmd
    bsp_ili9341_lcd.o(i.LCD_GPIO_Config) refers to stm32f10x_gpio.o(i.GPIO_Init) for GPIO_Init
    bsp_ili9341_lcd.o(i.LCD_GPIO_Config) refers to stm32f10x_gpio.o(i.GPIO_ResetBits) for GPIO_ResetBits
    bsp_ili9341_lcd.o(i.LCD_GetPoint) refers to bsp_ili9341_lcd.o(i.LCD_SetCursor) for LCD_SetCursor
    bsp_ili9341_lcd.o(i.LCD_GetPoint) refers to bsp_ili9341_lcd.o(i.LCD_RD_data) for LCD_RD_data
    bsp_ili9341_lcd.o(i.LCD_Init) refers to bsp_ili9341_lcd.o(i.LCD_GPIO_Config) for LCD_GPIO_Config
    bsp_ili9341_lcd.o(i.LCD_Init) refers to bsp_ili9341_lcd.o(i.LCD_FSMC_Config) for LCD_FSMC_Config
    bsp_ili9341_lcd.o(i.LCD_Init) refers to bsp_ili9341_lcd.o(i.LCD_Rst) for LCD_Rst
    bsp_ili9341_lcd.o(i.LCD_Init) refers to bsp_ili9341_lcd.o(i.LCD_REG_Config) for LCD_REG_Config
    bsp_ili9341_lcd.o(i.LCD_REG_Config) refers to bsp_ili9341_lcd.o(i.Lcd_Delay) for Lcd_Delay
    bsp_ili9341_lcd.o(i.LCD_Rst) refers to stm32f10x_gpio.o(i.GPIO_ResetBits) for GPIO_ResetBits
    bsp_ili9341_lcd.o(i.LCD_Rst) refers to bsp_ili9341_lcd.o(i.Lcd_Delay) for Lcd_Delay
    bsp_ili9341_lcd.o(i.LCD_Rst) refers to stm32f10x_gpio.o(i.GPIO_SetBits) for GPIO_SetBits
    bsp_ili9341_lcd.o(i.LCD_SetPoint) refers to bsp_ili9341_lcd.o(i.LCD_SetCursor) for LCD_SetCursor
    bsp_systick.o(i.Delay_us) refers to bsp_systick.o(.data) for TimingDelay
    bsp_systick.o(i.SysTick_Init) refers to system_stm32f10x.o(.data) for SystemCoreClock
    bsp_systick.o(i.TimingDelay_Decrement) refers to bsp_systick.o(.data) for TimingDelay
    bsp_gpio_spi.o(i.GPIO_SPI_Config) refers to stm32f10x_rcc.o(i.RCC_APB2PeriphClockCmd) for RCC_APB2PeriphClockCmd
    bsp_gpio_spi.o(i.GPIO_SPI_Config) refers to stm32f10x_gpio.o(i.GPIO_Init) for GPIO_Init
    bsp_gpio_spi.o(i.GPIO_SPI_Config) refers to stm32f10x_gpio.o(i.GPIO_ResetBits) for GPIO_ResetBits
    bsp_gpio_spi.o(i.GPIO_SPI_Config) refers to bsp_gpio_spi.o(i.TP_INT_GPIO_Config) for TP_INT_GPIO_Config
    bsp_gpio_spi.o(i.TP_INT_GPIO_Config) refers to stm32f10x_rcc.o(i.RCC_APB2PeriphClockCmd) for RCC_APB2PeriphClockCmd
    bsp_gpio_spi.o(i.TP_INT_GPIO_Config) refers to bsp_gpio_spi.o(i.TP_INT_NVIC_Config) for TP_INT_NVIC_Config
    bsp_gpio_spi.o(i.TP_INT_GPIO_Config) refers to stm32f10x_gpio.o(i.GPIO_Init) for GPIO_Init
    bsp_gpio_spi.o(i.TP_INT_GPIO_Config) refers to stm32f10x_gpio.o(i.GPIO_EXTILineConfig) for GPIO_EXTILineConfig
    bsp_gpio_spi.o(i.TP_INT_GPIO_Config) refers to stm32f10x_exti.o(i.EXTI_Init) for EXTI_Init
    bsp_gpio_spi.o(i.TP_INT_NVIC_Config) refers to misc.o(i.NVIC_PriorityGroupConfig) for NVIC_PriorityGroupConfig
    bsp_gpio_spi.o(i.TP_INT_NVIC_Config) refers to misc.o(i.NVIC_Init) for NVIC_Init
    bsp_touch.o(i.Cal_touch_para) refers to dflti.o(.text) for __aeabi_i2d
    bsp_touch.o(i.Cal_touch_para) refers to cdcmple.o(.text) for __aeabi_cdcmpeq
    bsp_touch.o(i.DrawCross) refers to bsp_ili9341_lcd.o(i.LCD_Clear) for LCD_Clear
    bsp_touch.o(i.Get_touch_point) refers to cdcmple.o(.text) for __aeabi_cdcmpeq
    bsp_touch.o(i.Get_touch_point) refers to dfltui.o(.text) for __aeabi_ui2d
    bsp_touch.o(i.Get_touch_point) refers to dmul.o(.text) for __aeabi_dmul
    bsp_touch.o(i.Get_touch_point) refers to dadd.o(.text) for __aeabi_dadd
    bsp_touch.o(i.Get_touch_point) refers to dfixui.o(.text) for __aeabi_d2uiz
    bsp_touch.o(i.Get_touch_point) refers to bsp_touch.o(.data) for bb1
    bsp_touch.o(i.Palette_Init) refers to bsp_ili9341_lcd.o(i.LCD_Clear) for LCD_Clear
    bsp_touch.o(i.Palette_Init) refers to bsp_ili9341_lcd.o(i.LCD_DispStr) for LCD_DispStr
    bsp_touch.o(i.Palette_Init) refers to bsp_systick.o(i.Delay_us) for Delay_us
    bsp_touch.o(i.Palette_draw_point) refers to bsp_ili9341_lcd.o(i.LCD_Clear) for LCD_Clear
    bsp_touch.o(i.Palette_draw_point) refers to bsp_ili9341_lcd.o(i.LCD_SetPoint) for LCD_SetPoint
    bsp_touch.o(i.Palette_draw_point) refers to bsp_touch.o(.data) for Pen_color
    bsp_touch.o(i.Read_2046) refers to memseta.o(.text) for __aeabi_memclr4
    bsp_touch.o(i.Read_2046) refers to bsp_touch.o(i.Touch_GetAdXY) for Touch_GetAdXY
    bsp_touch.o(i.Read_2046) refers to stm32f10x_gpio.o(i.GPIO_ReadInputDataBit) for GPIO_ReadInputDataBit
    bsp_touch.o(i.Read_2046) refers to stm32f10x_it.o(.data) for touch_flag
    bsp_touch.o(i.Read_2046) refers to bsp_touch.o(.data) for screen
    bsp_touch.o(i.Read_2046_2) refers to memseta.o(.text) for __aeabi_memclr4
    bsp_touch.o(i.Read_2046_2) refers to bsp_touch.o(i.Touch_GetAdXY) for Touch_GetAdXY
    bsp_touch.o(i.Read_2046_2) refers to stm32f10x_gpio.o(i.GPIO_ReadInputDataBit) for GPIO_ReadInputDataBit
    bsp_touch.o(i.Read_2046_2) refers to stm32f10x_it.o(.data) for touch_flag
    bsp_touch.o(i.Read_2046_2) refers to bsp_touch.o(.data) for screen2
    bsp_touch.o(i.Touch_Calibrate) refers to bsp_ili9341_lcd.o(i.LCD_Clear) for LCD_Clear
    bsp_touch.o(i.Touch_Calibrate) refers to bsp_ili9341_lcd.o(i.LCD_DispStr) for LCD_DispStr
    bsp_touch.o(i.Touch_Calibrate) refers to bsp_ili9341_lcd.o(i.LCD_DisNum) for LCD_DisNum
    bsp_touch.o(i.Touch_Calibrate) refers to bsp_systick.o(i.Delay_us) for Delay_us
    bsp_touch.o(i.Touch_Calibrate) refers to bsp_touch.o(i.DrawCross) for DrawCross
    bsp_touch.o(i.Touch_Calibrate) refers to bsp_touch.o(i.Read_2046_2) for Read_2046_2
    bsp_touch.o(i.Touch_Calibrate) refers to bsp_touch.o(i.Cal_touch_para) for Cal_touch_para
    bsp_touch.o(i.Touch_Calibrate) refers to dfltui.o(.text) for __aeabi_ui2d
    bsp_touch.o(i.Touch_Calibrate) refers to dmul.o(.text) for __aeabi_dmul
    bsp_touch.o(i.Touch_Calibrate) refers to dadd.o(.text) for __aeabi_dadd
    bsp_touch.o(i.Touch_Calibrate) refers to ddiv.o(.text) for __aeabi_ddiv
    bsp_touch.o(i.Touch_Calibrate) refers to dfixui.o(.text) for __aeabi_d2uiz
    bsp_touch.o(i.Touch_Calibrate) refers to bsp_touch.o(.data) for DisplaySample
    bsp_touch.o(i.Touch_Calibrate) refers to bsp_touch.o(.bss) for ScreenSample
    bsp_touch.o(i.Touch_GetAdXY) refers to bsp_touch.o(i.XPT2046_ReadAdc) for XPT2046_ReadAdc
    bsp_touch.o(i.Touch_GetAdXY) refers to bsp_touch.o(i.DelayUS) for DelayUS
    bsp_touch.o(i.Touch_Init) refers to bsp_gpio_spi.o(i.GPIO_SPI_Config) for GPIO_SPI_Config
    bsp_touch.o(i.XPT2046_ReadAdc) refers to bsp_touch.o(i.XPT2046_WriteCMD) for XPT2046_WriteCMD
    bsp_touch.o(i.XPT2046_ReadAdc) refers to bsp_touch.o(i.XPT2046_ReadCMD) for XPT2046_ReadCMD
    bsp_touch.o(i.XPT2046_ReadCMD) refers to stm32f10x_gpio.o(i.GPIO_ResetBits) for GPIO_ResetBits
    bsp_touch.o(i.XPT2046_ReadCMD) refers to stm32f10x_gpio.o(i.GPIO_SetBits) for GPIO_SetBits
    bsp_touch.o(i.XPT2046_ReadCMD) refers to stm32f10x_gpio.o(i.GPIO_ReadInputDataBit) for GPIO_ReadInputDataBit
    bsp_touch.o(i.XPT2046_WriteCMD) refers to stm32f10x_gpio.o(i.GPIO_ResetBits) for GPIO_ResetBits
    bsp_touch.o(i.XPT2046_WriteCMD) refers to stm32f10x_gpio.o(i.GPIO_SetBits) for GPIO_SetBits
    bsp_touch.o(i.XPT2046_WriteCMD) refers to bsp_touch.o(i.DelayUS) for DelayUS
    entry.o(.ARM.Collect$$$$00000000) refers (Special) to entry10a.o(.ARM.Collect$$$$0000000D) for __rt_final_cpp
    entry.o(.ARM.Collect$$$$00000000) refers (Special) to entry11a.o(.ARM.Collect$$$$0000000F) for __rt_final_exit
    entry.o(.ARM.Collect$$$$00000000) refers (Special) to entry7b.o(.ARM.Collect$$$$00000008) for _main_clock
    entry.o(.ARM.Collect$$$$00000000) refers (Special) to entry8b.o(.ARM.Collect$$$$0000000A) for _main_cpp_init
    entry.o(.ARM.Collect$$$$00000000) refers (Special) to entry9a.o(.ARM.Collect$$$$0000000B) for _main_init
    entry.o(.ARM.Collect$$$$00000000) refers (Special) to entry5.o(.ARM.Collect$$$$00000004) for _main_scatterload
    entry.o(.ARM.Collect$$$$00000000) refers (Special) to entry2.o(.ARM.Collect$$$$00000001) for _main_stk
    dadd.o(.text) refers (Special) to iusefp.o(.text) for __I$use$fp
    dadd.o(.text) refers to llshl.o(.text) for __aeabi_llsl
    dadd.o(.text) refers to llsshr.o(.text) for __aeabi_lasr
    dadd.o(.text) refers to depilogue.o(.text) for _double_epilogue
    dmul.o(.text) refers (Special) to iusefp.o(.text) for __I$use$fp
    dmul.o(.text) refers to depilogue.o(.text) for _double_epilogue
    ddiv.o(.text) refers (Special) to iusefp.o(.text) for __I$use$fp
    ddiv.o(.text) refers to depilogue.o(.text) for _double_round
    dflti.o(.text) refers (Special) to iusefp.o(.text) for __I$use$fp
    dflti.o(.text) refers to depilogue.o(.text) for _double_epilogue
    dfltui.o(.text) refers (Special) to iusefp.o(.text) for __I$use$fp
    dfltui.o(.text) refers to depilogue.o(.text) for _double_epilogue
    dfixui.o(.text) refers (Special) to iusefp.o(.text) for __I$use$fp
    dfixui.o(.text) refers to llushr.o(.text) for __aeabi_llsr
    cdcmple.o(.text) refers (Special) to iusefp.o(.text) for __I$use$fp
    entry2.o(.ARM.Collect$$$$00000001) refers to entry2.o(.ARM.Collect$$$$00002712) for __lit__00000000
    entry2.o(.ARM.Collect$$$$00002712) refers to startup_stm32f10x_hd.o(STACK) for __initial_sp
    entry2.o(__vectab_stack_and_reset_area) refers to startup_stm32f10x_hd.o(STACK) for __initial_sp
    entry2.o(__vectab_stack_and_reset_area) refers to entry.o(.ARM.Collect$$$$00000000) for __main
    entry5.o(.ARM.Collect$$$$00000004) refers to init.o(.text) for __scatterload
    entry9a.o(.ARM.Collect$$$$0000000B) refers to main.o(i.main) for main
    entry9b.o(.ARM.Collect$$$$0000000C) refers to main.o(i.main) for main
    depilogue.o(.text) refers to llshl.o(.text) for __aeabi_llsl
    depilogue.o(.text) refers to llushr.o(.text) for __aeabi_llsr
    init.o(.text) refers to entry5.o(.ARM.Collect$$$$00000004) for __main_after_scatterload


==============================================================================

Removing Unused input sections from the image.

    Removing startup_stm32f10x_hd.o(HEAP), (512 bytes).
    Removing core_cm3.o(.emb_text), (32 bytes).
    Removing system_stm32f10x.o(i.SystemCoreClockUpdate), (164 bytes).
    Removing misc.o(i.NVIC_SetVectorTable), (20 bytes).
    Removing misc.o(i.NVIC_SystemLPConfig), (32 bytes).
    Removing misc.o(i.SysTick_CLKSourceConfig), (40 bytes).
    Removing stm32f10x_adc.o(i.ADC_AnalogWatchdogCmd), (20 bytes).
    Removing stm32f10x_adc.o(i.ADC_AnalogWatchdogSingleChannelConfig), (16 bytes).
    Removing stm32f10x_adc.o(i.ADC_AnalogWatchdogThresholdsConfig), (6 bytes).
    Removing stm32f10x_adc.o(i.ADC_AutoInjectedConvCmd), (22 bytes).
    Removing stm32f10x_adc.o(i.ADC_ClearFlag), (6 bytes).
    Removing stm32f10x_adc.o(i.ADC_ClearITPendingBit), (10 bytes).
    Removing stm32f10x_adc.o(i.ADC_Cmd), (22 bytes).
    Removing stm32f10x_adc.o(i.ADC_DMACmd), (22 bytes).
    Removing stm32f10x_adc.o(i.ADC_DeInit), (92 bytes).
    Removing stm32f10x_adc.o(i.ADC_DiscModeChannelCountConfig), (24 bytes).
    Removing stm32f10x_adc.o(i.ADC_DiscModeCmd), (22 bytes).
    Removing stm32f10x_adc.o(i.ADC_ExternalTrigConvCmd), (22 bytes).
    Removing stm32f10x_adc.o(i.ADC_ExternalTrigInjectedConvCmd), (22 bytes).
    Removing stm32f10x_adc.o(i.ADC_ExternalTrigInjectedConvConfig), (16 bytes).
    Removing stm32f10x_adc.o(i.ADC_GetCalibrationStatus), (20 bytes).
    Removing stm32f10x_adc.o(i.ADC_GetConversionValue), (8 bytes).
    Removing stm32f10x_adc.o(i.ADC_GetDualModeConversionValue), (12 bytes).
    Removing stm32f10x_adc.o(i.ADC_GetFlagStatus), (18 bytes).
    Removing stm32f10x_adc.o(i.ADC_GetITStatus), (36 bytes).
    Removing stm32f10x_adc.o(i.ADC_GetInjectedConversionValue), (28 bytes).
    Removing stm32f10x_adc.o(i.ADC_GetResetCalibrationStatus), (20 bytes).
    Removing stm32f10x_adc.o(i.ADC_GetSoftwareStartConvStatus), (20 bytes).
    Removing stm32f10x_adc.o(i.ADC_GetSoftwareStartInjectedConvCmdStatus), (20 bytes).
    Removing stm32f10x_adc.o(i.ADC_ITConfig), (24 bytes).
    Removing stm32f10x_adc.o(i.ADC_Init), (80 bytes).
    Removing stm32f10x_adc.o(i.ADC_InjectedChannelConfig), (130 bytes).
    Removing stm32f10x_adc.o(i.ADC_InjectedDiscModeCmd), (22 bytes).
    Removing stm32f10x_adc.o(i.ADC_InjectedSequencerLengthConfig), (24 bytes).
    Removing stm32f10x_adc.o(i.ADC_RegularChannelConfig), (184 bytes).
    Removing stm32f10x_adc.o(i.ADC_ResetCalibration), (10 bytes).
    Removing stm32f10x_adc.o(i.ADC_SetInjectedOffset), (20 bytes).
    Removing stm32f10x_adc.o(i.ADC_SoftwareStartConvCmd), (22 bytes).
    Removing stm32f10x_adc.o(i.ADC_SoftwareStartInjectedConvCmd), (22 bytes).
    Removing stm32f10x_adc.o(i.ADC_StartCalibration), (10 bytes).
    Removing stm32f10x_adc.o(i.ADC_StructInit), (18 bytes).
    Removing stm32f10x_adc.o(i.ADC_TempSensorVrefintCmd), (36 bytes).
    Removing stm32f10x_dac.o(i.DAC_Cmd), (40 bytes).
    Removing stm32f10x_dac.o(i.DAC_DMACmd), (44 bytes).
    Removing stm32f10x_dac.o(i.DAC_DeInit), (22 bytes).
    Removing stm32f10x_dac.o(i.DAC_DualSoftwareTriggerCmd), (36 bytes).
    Removing stm32f10x_dac.o(i.DAC_GetDataOutputValue), (36 bytes).
    Removing stm32f10x_dac.o(i.DAC_Init), (52 bytes).
    Removing stm32f10x_dac.o(i.DAC_SetChannel1Data), (32 bytes).
    Removing stm32f10x_dac.o(i.DAC_SetChannel2Data), (32 bytes).
    Removing stm32f10x_dac.o(i.DAC_SetDualChannelData), (36 bytes).
    Removing stm32f10x_dac.o(i.DAC_SoftwareTriggerCmd), (44 bytes).
    Removing stm32f10x_dac.o(i.DAC_StructInit), (12 bytes).
    Removing stm32f10x_dac.o(i.DAC_WaveGenerationCmd), (40 bytes).
    Removing stm32f10x_dma.o(i.DMA_ClearFlag), (28 bytes).
    Removing stm32f10x_dma.o(i.DMA_ClearITPendingBit), (28 bytes).
    Removing stm32f10x_dma.o(i.DMA_Cmd), (24 bytes).
    Removing stm32f10x_dma.o(i.DMA_DeInit), (332 bytes).
    Removing stm32f10x_dma.o(i.DMA_GetCurrDataCounter), (8 bytes).
    Removing stm32f10x_dma.o(i.DMA_GetFlagStatus), (44 bytes).
    Removing stm32f10x_dma.o(i.DMA_GetITStatus), (44 bytes).
    Removing stm32f10x_dma.o(i.DMA_ITConfig), (18 bytes).
    Removing stm32f10x_dma.o(i.DMA_Init), (60 bytes).
    Removing stm32f10x_dma.o(i.DMA_SetCurrDataCounter), (4 bytes).
    Removing stm32f10x_dma.o(i.DMA_StructInit), (26 bytes).
    Removing stm32f10x_exti.o(i.EXTI_ClearFlag), (12 bytes).
    Removing stm32f10x_exti.o(i.EXTI_DeInit), (36 bytes).
    Removing stm32f10x_exti.o(i.EXTI_GenerateSWInterrupt), (16 bytes).
    Removing stm32f10x_exti.o(i.EXTI_GetFlagStatus), (24 bytes).
    Removing stm32f10x_exti.o(i.EXTI_StructInit), (16 bytes).
    Removing stm32f10x_gpio.o(i.GPIO_AFIODeInit), (20 bytes).
    Removing stm32f10x_gpio.o(i.GPIO_DeInit), (200 bytes).
    Removing stm32f10x_gpio.o(i.GPIO_ETH_MediaInterfaceConfig), (12 bytes).
    Removing stm32f10x_gpio.o(i.GPIO_EventOutputCmd), (12 bytes).
    Removing stm32f10x_gpio.o(i.GPIO_EventOutputConfig), (32 bytes).
    Removing stm32f10x_gpio.o(i.GPIO_PinLockConfig), (18 bytes).
    Removing stm32f10x_gpio.o(i.GPIO_PinRemapConfig), (144 bytes).
    Removing stm32f10x_gpio.o(i.GPIO_ReadInputData), (8 bytes).
    Removing stm32f10x_gpio.o(i.GPIO_ReadOutputData), (8 bytes).
    Removing stm32f10x_gpio.o(i.GPIO_ReadOutputDataBit), (18 bytes).
    Removing stm32f10x_gpio.o(i.GPIO_StructInit), (16 bytes).
    Removing stm32f10x_gpio.o(i.GPIO_Write), (4 bytes).
    Removing stm32f10x_gpio.o(i.GPIO_WriteBit), (10 bytes).
    Removing stm32f10x_i2c.o(i.I2C_ARPCmd), (24 bytes).
    Removing stm32f10x_i2c.o(i.I2C_AcknowledgeConfig), (24 bytes).
    Removing stm32f10x_i2c.o(i.I2C_CalculatePEC), (24 bytes).
    Removing stm32f10x_i2c.o(i.I2C_CheckEvent), (42 bytes).
    Removing stm32f10x_i2c.o(i.I2C_ClearFlag), (12 bytes).
    Removing stm32f10x_i2c.o(i.I2C_ClearITPendingBit), (12 bytes).
    Removing stm32f10x_i2c.o(i.I2C_Cmd), (24 bytes).
    Removing stm32f10x_i2c.o(i.I2C_DMACmd), (24 bytes).
    Removing stm32f10x_i2c.o(i.I2C_DMALastTransferCmd), (24 bytes).
    Removing stm32f10x_i2c.o(i.I2C_DeInit), (56 bytes).
    Removing stm32f10x_i2c.o(i.I2C_DualAddressCmd), (24 bytes).
    Removing stm32f10x_i2c.o(i.I2C_FastModeDutyCycleConfig), (28 bytes).
    Removing stm32f10x_i2c.o(i.I2C_GeneralCallCmd), (24 bytes).
    Removing stm32f10x_i2c.o(i.I2C_GenerateSTART), (24 bytes).
    Removing stm32f10x_i2c.o(i.I2C_GenerateSTOP), (24 bytes).
    Removing stm32f10x_i2c.o(i.I2C_GetFlagStatus), (58 bytes).
    Removing stm32f10x_i2c.o(i.I2C_GetITStatus), (38 bytes).
    Removing stm32f10x_i2c.o(i.I2C_GetLastEvent), (26 bytes).
    Removing stm32f10x_i2c.o(i.I2C_GetPEC), (8 bytes).
    Removing stm32f10x_i2c.o(i.I2C_ITConfig), (18 bytes).
    Removing stm32f10x_i2c.o(i.I2C_Init), (236 bytes).
    Removing stm32f10x_i2c.o(i.I2C_NACKPositionConfig), (28 bytes).
    Removing stm32f10x_i2c.o(i.I2C_OwnAddress2Config), (22 bytes).
    Removing stm32f10x_i2c.o(i.I2C_PECPositionConfig), (28 bytes).
    Removing stm32f10x_i2c.o(i.I2C_ReadRegister), (22 bytes).
    Removing stm32f10x_i2c.o(i.I2C_ReceiveData), (8 bytes).
    Removing stm32f10x_i2c.o(i.I2C_SMBusAlertConfig), (28 bytes).
    Removing stm32f10x_i2c.o(i.I2C_Send7bitAddress), (18 bytes).
    Removing stm32f10x_i2c.o(i.I2C_SendData), (4 bytes).
    Removing stm32f10x_i2c.o(i.I2C_SoftwareResetCmd), (22 bytes).
    Removing stm32f10x_i2c.o(i.I2C_StretchClockCmd), (24 bytes).
    Removing stm32f10x_i2c.o(i.I2C_StructInit), (30 bytes).
    Removing stm32f10x_i2c.o(i.I2C_TransmitPEC), (24 bytes).
    Removing stm32f10x_rcc.o(i.RCC_ADCCLKConfig), (24 bytes).
    Removing stm32f10x_rcc.o(i.RCC_APB1PeriphClockCmd), (32 bytes).
    Removing stm32f10x_rcc.o(i.RCC_APB1PeriphResetCmd), (32 bytes).
    Removing stm32f10x_rcc.o(i.RCC_APB2PeriphResetCmd), (32 bytes).
    Removing stm32f10x_rcc.o(i.RCC_AdjustHSICalibrationValue), (24 bytes).
    Removing stm32f10x_rcc.o(i.RCC_BackupResetCmd), (12 bytes).
    Removing stm32f10x_rcc.o(i.RCC_ClearFlag), (20 bytes).
    Removing stm32f10x_rcc.o(i.RCC_ClearITPendingBit), (12 bytes).
    Removing stm32f10x_rcc.o(i.RCC_ClockSecuritySystemCmd), (12 bytes).
    Removing stm32f10x_rcc.o(i.RCC_DeInit), (76 bytes).
    Removing stm32f10x_rcc.o(i.RCC_GetClocksFreq), (212 bytes).
    Removing stm32f10x_rcc.o(i.RCC_GetFlagStatus), (60 bytes).
    Removing stm32f10x_rcc.o(i.RCC_GetITStatus), (24 bytes).
    Removing stm32f10x_rcc.o(i.RCC_GetSYSCLKSource), (16 bytes).
    Removing stm32f10x_rcc.o(i.RCC_HCLKConfig), (24 bytes).
    Removing stm32f10x_rcc.o(i.RCC_HSEConfig), (76 bytes).
    Removing stm32f10x_rcc.o(i.RCC_HSICmd), (12 bytes).
    Removing stm32f10x_rcc.o(i.RCC_ITConfig), (32 bytes).
    Removing stm32f10x_rcc.o(i.RCC_LSEConfig), (52 bytes).
    Removing stm32f10x_rcc.o(i.RCC_LSICmd), (12 bytes).
    Removing stm32f10x_rcc.o(i.RCC_MCOConfig), (12 bytes).
    Removing stm32f10x_rcc.o(i.RCC_PCLK1Config), (24 bytes).
    Removing stm32f10x_rcc.o(i.RCC_PCLK2Config), (24 bytes).
    Removing stm32f10x_rcc.o(i.RCC_PLLCmd), (12 bytes).
    Removing stm32f10x_rcc.o(i.RCC_PLLConfig), (28 bytes).
    Removing stm32f10x_rcc.o(i.RCC_RTCCLKCmd), (12 bytes).
    Removing stm32f10x_rcc.o(i.RCC_RTCCLKConfig), (16 bytes).
    Removing stm32f10x_rcc.o(i.RCC_SYSCLKConfig), (24 bytes).
    Removing stm32f10x_rcc.o(i.RCC_USBCLKConfig), (12 bytes).
    Removing stm32f10x_rcc.o(i.RCC_WaitForHSEStartUp), (56 bytes).
    Removing stm32f10x_rcc.o(.data), (20 bytes).
    Removing stm32f10x_sdio.o(i.SDIO_CEATAITCmd), (16 bytes).
    Removing stm32f10x_sdio.o(i.SDIO_ClearFlag), (12 bytes).
    Removing stm32f10x_sdio.o(i.SDIO_ClearITPendingBit), (12 bytes).
    Removing stm32f10x_sdio.o(i.SDIO_ClockCmd), (12 bytes).
    Removing stm32f10x_sdio.o(i.SDIO_CmdStructInit), (14 bytes).
    Removing stm32f10x_sdio.o(i.SDIO_CommandCompletionCmd), (12 bytes).
    Removing stm32f10x_sdio.o(i.SDIO_DMACmd), (12 bytes).
    Removing stm32f10x_sdio.o(i.SDIO_DataConfig), (48 bytes).
    Removing stm32f10x_sdio.o(i.SDIO_DataStructInit), (20 bytes).
    Removing stm32f10x_sdio.o(i.SDIO_DeInit), (36 bytes).
    Removing stm32f10x_sdio.o(i.SDIO_GetCommandResponse), (12 bytes).
    Removing stm32f10x_sdio.o(i.SDIO_GetDataCounter), (12 bytes).
    Removing stm32f10x_sdio.o(i.SDIO_GetFIFOCount), (12 bytes).
    Removing stm32f10x_sdio.o(i.SDIO_GetFlagStatus), (24 bytes).
    Removing stm32f10x_sdio.o(i.SDIO_GetITStatus), (24 bytes).
    Removing stm32f10x_sdio.o(i.SDIO_GetPowerState), (16 bytes).
    Removing stm32f10x_sdio.o(i.SDIO_GetResponse), (24 bytes).
    Removing stm32f10x_sdio.o(i.SDIO_ITConfig), (32 bytes).
    Removing stm32f10x_sdio.o(i.SDIO_Init), (48 bytes).
    Removing stm32f10x_sdio.o(i.SDIO_ReadData), (12 bytes).
    Removing stm32f10x_sdio.o(i.SDIO_SendCEATACmd), (12 bytes).
    Removing stm32f10x_sdio.o(i.SDIO_SendCommand), (44 bytes).
    Removing stm32f10x_sdio.o(i.SDIO_SendSDIOSuspendCmd), (12 bytes).
    Removing stm32f10x_sdio.o(i.SDIO_SetPowerState), (28 bytes).
    Removing stm32f10x_sdio.o(i.SDIO_SetSDIOOperation), (12 bytes).
    Removing stm32f10x_sdio.o(i.SDIO_SetSDIOReadWaitMode), (12 bytes).
    Removing stm32f10x_sdio.o(i.SDIO_StartSDIOReadWait), (12 bytes).
    Removing stm32f10x_sdio.o(i.SDIO_StopSDIOReadWait), (12 bytes).
    Removing stm32f10x_sdio.o(i.SDIO_StructInit), (16 bytes).
    Removing stm32f10x_sdio.o(i.SDIO_WriteData), (12 bytes).
    Removing stm32f10x_spi.o(i.I2S_Cmd), (24 bytes).
    Removing stm32f10x_spi.o(i.I2S_Init), (232 bytes).
    Removing stm32f10x_spi.o(i.I2S_StructInit), (20 bytes).
    Removing stm32f10x_spi.o(i.SPI_BiDirectionalLineConfig), (28 bytes).
    Removing stm32f10x_spi.o(i.SPI_CalculateCRC), (24 bytes).
    Removing stm32f10x_spi.o(i.SPI_Cmd), (24 bytes).
    Removing stm32f10x_spi.o(i.SPI_DataSizeConfig), (18 bytes).
    Removing stm32f10x_spi.o(i.SPI_GetCRC), (16 bytes).
    Removing stm32f10x_spi.o(i.SPI_GetCRCPolynomial), (6 bytes).
    Removing stm32f10x_spi.o(i.SPI_I2S_ClearFlag), (6 bytes).
    Removing stm32f10x_spi.o(i.SPI_I2S_ClearITPendingBit), (20 bytes).
    Removing stm32f10x_spi.o(i.SPI_I2S_DMACmd), (18 bytes).
    Removing stm32f10x_spi.o(i.SPI_I2S_DeInit), (88 bytes).
    Removing stm32f10x_spi.o(i.SPI_I2S_GetFlagStatus), (18 bytes).
    Removing stm32f10x_spi.o(i.SPI_I2S_GetITStatus), (52 bytes).
    Removing stm32f10x_spi.o(i.SPI_I2S_ITConfig), (32 bytes).
    Removing stm32f10x_spi.o(i.SPI_I2S_ReceiveData), (6 bytes).
    Removing stm32f10x_spi.o(i.SPI_I2S_SendData), (4 bytes).
    Removing stm32f10x_spi.o(i.SPI_Init), (60 bytes).
    Removing stm32f10x_spi.o(i.SPI_NSSInternalSoftwareConfig), (30 bytes).
    Removing stm32f10x_spi.o(i.SPI_SSOutputCmd), (24 bytes).
    Removing stm32f10x_spi.o(i.SPI_StructInit), (24 bytes).
    Removing stm32f10x_spi.o(i.SPI_TransmitCRC), (10 bytes).
    Removing stm32f10x_usart.o(i.USART_ClearFlag), (18 bytes).
    Removing stm32f10x_usart.o(i.USART_ClearITPendingBit), (30 bytes).
    Removing stm32f10x_usart.o(i.USART_ClockInit), (34 bytes).
    Removing stm32f10x_usart.o(i.USART_ClockStructInit), (12 bytes).
    Removing stm32f10x_usart.o(i.USART_Cmd), (24 bytes).
    Removing stm32f10x_usart.o(i.USART_DMACmd), (18 bytes).
    Removing stm32f10x_usart.o(i.USART_DeInit), (156 bytes).
    Removing stm32f10x_usart.o(i.USART_GetFlagStatus), (26 bytes).
    Removing stm32f10x_usart.o(i.USART_GetITStatus), (84 bytes).
    Removing stm32f10x_usart.o(i.USART_HalfDuplexCmd), (24 bytes).
    Removing stm32f10x_usart.o(i.USART_ITConfig), (74 bytes).
    Removing stm32f10x_usart.o(i.USART_Init), (216 bytes).
    Removing stm32f10x_usart.o(i.USART_IrDACmd), (24 bytes).
    Removing stm32f10x_usart.o(i.USART_IrDAConfig), (18 bytes).
    Removing stm32f10x_usart.o(i.USART_LINBreakDetectLengthConfig), (18 bytes).
    Removing stm32f10x_usart.o(i.USART_LINCmd), (24 bytes).
    Removing stm32f10x_usart.o(i.USART_OneBitMethodCmd), (24 bytes).
    Removing stm32f10x_usart.o(i.USART_OverSampling8Cmd), (22 bytes).
    Removing stm32f10x_usart.o(i.USART_ReceiveData), (10 bytes).
    Removing stm32f10x_usart.o(i.USART_ReceiverWakeUpCmd), (24 bytes).
    Removing stm32f10x_usart.o(i.USART_SendBreak), (10 bytes).
    Removing stm32f10x_usart.o(i.USART_SendData), (8 bytes).
    Removing stm32f10x_usart.o(i.USART_SetAddress), (18 bytes).
    Removing stm32f10x_usart.o(i.USART_SetGuardTime), (16 bytes).
    Removing stm32f10x_usart.o(i.USART_SetPrescaler), (16 bytes).
    Removing stm32f10x_usart.o(i.USART_SmartCardCmd), (24 bytes).
    Removing stm32f10x_usart.o(i.USART_SmartCardNACKCmd), (24 bytes).
    Removing stm32f10x_usart.o(i.USART_StructInit), (24 bytes).
    Removing stm32f10x_usart.o(i.USART_WakeUpConfig), (18 bytes).
    Removing stm32f10x_fsmc.o(i.FSMC_ClearFlag), (64 bytes).
    Removing stm32f10x_fsmc.o(i.FSMC_ClearITPendingBit), (72 bytes).
    Removing stm32f10x_fsmc.o(i.FSMC_GetECC), (28 bytes).
    Removing stm32f10x_fsmc.o(i.FSMC_GetFlagStatus), (56 bytes).
    Removing stm32f10x_fsmc.o(i.FSMC_GetITStatus), (68 bytes).
    Removing stm32f10x_fsmc.o(i.FSMC_ITConfig), (128 bytes).
    Removing stm32f10x_fsmc.o(i.FSMC_NANDCmd), (92 bytes).
    Removing stm32f10x_fsmc.o(i.FSMC_NANDDeInit), (68 bytes).
    Removing stm32f10x_fsmc.o(i.FSMC_NANDECCCmd), (92 bytes).
    Removing stm32f10x_fsmc.o(i.FSMC_NANDInit), (136 bytes).
    Removing stm32f10x_fsmc.o(i.FSMC_NANDStructInit), (54 bytes).
    Removing stm32f10x_fsmc.o(i.FSMC_NORSRAMDeInit), (54 bytes).
    Removing stm32f10x_fsmc.o(i.FSMC_NORSRAMStructInit), (114 bytes).
    Removing stm32f10x_fsmc.o(i.FSMC_PCCARDCmd), (48 bytes).
    Removing stm32f10x_fsmc.o(i.FSMC_PCCARDDeInit), (40 bytes).
    Removing stm32f10x_fsmc.o(i.FSMC_PCCARDInit), (132 bytes).
    Removing stm32f10x_fsmc.o(i.FSMC_PCCARDStructInit), (60 bytes).
    Removing main.o(i.Delay), (18 bytes).
    Removing bsp_ili9341_lcd.o(i.LCD_GetPoint), (32 bytes).
    Removing bsp_ili9341_lcd.o(i.LCD_RD_data), (40 bytes).
    Removing bsp_ili9341_lcd.o(i.LCD_SetCursor), (56 bytes).
    Removing bsp_ili9341_lcd.o(i.LCD_SetPoint), (32 bytes).
    Removing bsp_touch.o(i.Palette_Init), (204 bytes).
    Removing bsp_touch.o(i.Palette_draw_point), (188 bytes).
    Removing bsp_touch.o(i.Read_2046), (552 bytes).

254 unused section(s) (total 10454 bytes) removed from the image.

==============================================================================

Image Symbol Table

    Local Symbols

    Symbol Name                              Value     Ov Type        Size  Object(Section)

    ../clib/microlib/init/entry.s            0x00000000   Number         0  entry2.o ABSOLUTE
    ../clib/microlib/init/entry.s            0x00000000   Number         0  entry5.o ABSOLUTE
    ../clib/microlib/init/entry.s            0x00000000   Number         0  entry7a.o ABSOLUTE
    ../clib/microlib/init/entry.s            0x00000000   Number         0  entry11b.o ABSOLUTE
    ../clib/microlib/init/entry.s            0x00000000   Number         0  entry11a.o ABSOLUTE
    ../clib/microlib/init/entry.s            0x00000000   Number         0  entry10a.o ABSOLUTE
    ../clib/microlib/init/entry.s            0x00000000   Number         0  entry9b.o ABSOLUTE
    ../clib/microlib/init/entry.s            0x00000000   Number         0  entry10b.o ABSOLUTE
    ../clib/microlib/init/entry.s            0x00000000   Number         0  entry7b.o ABSOLUTE
    ../clib/microlib/init/entry.s            0x00000000   Number         0  entry9a.o ABSOLUTE
    ../clib/microlib/init/entry.s            0x00000000   Number         0  entry8b.o ABSOLUTE
    ../clib/microlib/init/entry.s            0x00000000   Number         0  entry8a.o ABSOLUTE
    ../clib/microlib/init/entry.s            0x00000000   Number         0  entry.o ABSOLUTE
    ../clib/microlib/longlong.c              0x00000000   Number         0  llsshr.o ABSOLUTE
    ../clib/microlib/longlong.c              0x00000000   Number         0  llushr.o ABSOLUTE
    ../clib/microlib/longlong.c              0x00000000   Number         0  llshl.o ABSOLUTE
    ../clib/microlib/string/memset.c         0x00000000   Number         0  memseta.o ABSOLUTE
    ../clib/microlib/stubs.s                 0x00000000   Number         0  iusefp.o ABSOLUTE
    ../fplib/microlib/fpadd.c                0x00000000   Number         0  dadd.o ABSOLUTE
    ../fplib/microlib/fpdiv.c                0x00000000   Number         0  ddiv.o ABSOLUTE
    ../fplib/microlib/fpepilogue.c           0x00000000   Number         0  depilogue.o ABSOLUTE
    ../fplib/microlib/fpfix.c                0x00000000   Number         0  dfixui.o ABSOLUTE
    ../fplib/microlib/fpflt.c                0x00000000   Number         0  dfltui.o ABSOLUTE
    ../fplib/microlib/fpflt.c                0x00000000   Number         0  dflti.o ABSOLUTE
    ../fplib/microlib/fpmul.c                0x00000000   Number         0  dmul.o ABSOLUTE
    ..\..\Libraries\CMSIS\core_cm3.c         0x00000000   Number         0  core_cm3.o ABSOLUTE
    ..\..\Libraries\CMSIS\startup\startup_stm32f10x_hd.s 0x00000000   Number         0  startup_stm32f10x_hd.o ABSOLUTE
    ..\..\Libraries\CMSIS\system_stm32f10x.c 0x00000000   Number         0  system_stm32f10x.o ABSOLUTE
    ..\..\Libraries\FWlib\src\misc.c         0x00000000   Number         0  misc.o ABSOLUTE
    ..\..\Libraries\FWlib\src\stm32f10x_adc.c 0x00000000   Number         0  stm32f10x_adc.o ABSOLUTE
    ..\..\Libraries\FWlib\src\stm32f10x_dac.c 0x00000000   Number         0  stm32f10x_dac.o ABSOLUTE
    ..\..\Libraries\FWlib\src\stm32f10x_dma.c 0x00000000   Number         0  stm32f10x_dma.o ABSOLUTE
    ..\..\Libraries\FWlib\src\stm32f10x_exti.c 0x00000000   Number         0  stm32f10x_exti.o ABSOLUTE
    ..\..\Libraries\FWlib\src\stm32f10x_fsmc.c 0x00000000   Number         0  stm32f10x_fsmc.o ABSOLUTE
    ..\..\Libraries\FWlib\src\stm32f10x_gpio.c 0x00000000   Number         0  stm32f10x_gpio.o ABSOLUTE
    ..\..\Libraries\FWlib\src\stm32f10x_i2c.c 0x00000000   Number         0  stm32f10x_i2c.o ABSOLUTE
    ..\..\Libraries\FWlib\src\stm32f10x_rcc.c 0x00000000   Number         0  stm32f10x_rcc.o ABSOLUTE
    ..\..\Libraries\FWlib\src\stm32f10x_sdio.c 0x00000000   Number         0  stm32f10x_sdio.o ABSOLUTE
    ..\..\Libraries\FWlib\src\stm32f10x_spi.c 0x00000000   Number         0  stm32f10x_spi.o ABSOLUTE
    ..\..\Libraries\FWlib\src\stm32f10x_usart.c 0x00000000   Number         0  stm32f10x_usart.o ABSOLUTE
    ..\..\User\Lcd\bsp_ili9341_lcd.c         0x00000000   Number         0  bsp_ili9341_lcd.o ABSOLUTE
    ..\..\User\SysTick\bsp_SysTick.c         0x00000000   Number         0  bsp_systick.o ABSOLUTE
    ..\..\User\main.c                        0x00000000   Number         0  main.o ABSOLUTE
    ..\..\User\stm32f10x_it.c                0x00000000   Number         0  stm32f10x_it.o ABSOLUTE
    ..\..\User\touch\bsp_gpio_spi.c          0x00000000   Number         0  bsp_gpio_spi.o ABSOLUTE
    ..\..\User\touch\bsp_touch.c             0x00000000   Number         0  bsp_touch.o ABSOLUTE
    ..\\..\\Libraries\\CMSIS\\core_cm3.c     0x00000000   Number         0  core_cm3.o ABSOLUTE
    cdcmple.s                                0x00000000   Number         0  cdcmple.o ABSOLUTE
    dc.s                                     0x00000000   Number         0  dc.o ABSOLUTE
    handlers.s                               0x00000000   Number         0  handlers.o ABSOLUTE
    init.s                                   0x00000000   Number         0  init.o ABSOLUTE
    RESET                                    0x08000000   Section      304  startup_stm32f10x_hd.o(RESET)
    .ARM.Collect$$$$00000000                 0x08000130   Section        0  entry.o(.ARM.Collect$$$$00000000)
    .ARM.Collect$$$$00000001                 0x08000130   Section        4  entry2.o(.ARM.Collect$$$$00000001)
    .ARM.Collect$$$$00000004                 0x08000134   Section        4  entry5.o(.ARM.Collect$$$$00000004)
    .ARM.Collect$$$$00000008                 0x08000138   Section        0  entry7b.o(.ARM.Collect$$$$00000008)
    .ARM.Collect$$$$0000000A                 0x08000138   Section        0  entry8b.o(.ARM.Collect$$$$0000000A)
    .ARM.Collect$$$$0000000B                 0x08000138   Section        8  entry9a.o(.ARM.Collect$$$$0000000B)
    .ARM.Collect$$$$0000000D                 0x08000140   Section        0  entry10a.o(.ARM.Collect$$$$0000000D)
    .ARM.Collect$$$$0000000F                 0x08000140   Section        0  entry11a.o(.ARM.Collect$$$$0000000F)
    .ARM.Collect$$$$00002712                 0x08000140   Section        4  entry2.o(.ARM.Collect$$$$00002712)
    __lit__00000000                          0x08000140   Data           4  entry2.o(.ARM.Collect$$$$00002712)
    .text                                    0x08000144   Section       36  startup_stm32f10x_hd.o(.text)
    .text                                    0x08000168   Section        0  memseta.o(.text)
    .text                                    0x0800018c   Section        0  dadd.o(.text)
    .text                                    0x080002da   Section        0  dmul.o(.text)
    .text                                    0x080003be   Section        0  ddiv.o(.text)
    .text                                    0x0800049c   Section        0  dflti.o(.text)
    .text                                    0x080004be   Section        0  dfltui.o(.text)
    .text                                    0x080004d8   Section        0  dfixui.o(.text)
    .text                                    0x0800050c   Section       40  cdcmple.o(.text)
    .text                                    0x08000534   Section        0  llshl.o(.text)
    .text                                    0x08000552   Section        0  llushr.o(.text)
    .text                                    0x08000572   Section        0  llsshr.o(.text)
    .text                                    0x08000596   Section        0  depilogue.o(.text)
    .text                                    0x08000596   Section        0  iusefp.o(.text)
    .text                                    0x0800064c   Section       36  init.o(.text)
    i.BusFault_Handler                       0x08000670   Section        0  stm32f10x_it.o(i.BusFault_Handler)
    i.Cal_touch_para                         0x08000674   Section        0  bsp_touch.o(i.Cal_touch_para)
    i.DebugMon_Handler                       0x080007d8   Section        0  stm32f10x_it.o(i.DebugMon_Handler)
    i.DelayUS                                0x080007da   Section        0  bsp_touch.o(i.DelayUS)
    DelayUS                                  0x080007db   Thumb Code    32  bsp_touch.o(i.DelayUS)
    i.Delay_us                               0x080007fc   Section        0  bsp_systick.o(i.Delay_us)
    i.DrawCross                              0x08000824   Section        0  bsp_touch.o(i.DrawCross)
    i.EXTI4_IRQHandler                       0x08000858   Section        0  stm32f10x_it.o(i.EXTI4_IRQHandler)
    i.EXTI_ClearITPendingBit                 0x08000874   Section        0  stm32f10x_exti.o(i.EXTI_ClearITPendingBit)
    i.EXTI_GetITStatus                       0x08000880   Section        0  stm32f10x_exti.o(i.EXTI_GetITStatus)
    i.EXTI_Init                              0x080008a8   Section        0  stm32f10x_exti.o(i.EXTI_Init)
    i.FSMC_NORSRAMCmd                        0x0800093c   Section        0  stm32f10x_fsmc.o(i.FSMC_NORSRAMCmd)
    i.FSMC_NORSRAMInit                       0x08000970   Section        0  stm32f10x_fsmc.o(i.FSMC_NORSRAMInit)
    i.GPIO_EXTILineConfig                    0x08000a58   Section        0  stm32f10x_gpio.o(i.GPIO_EXTILineConfig)
    i.GPIO_Init                              0x08000a98   Section        0  stm32f10x_gpio.o(i.GPIO_Init)
    i.GPIO_ReadInputDataBit                  0x08000bae   Section        0  stm32f10x_gpio.o(i.GPIO_ReadInputDataBit)
    i.GPIO_ResetBits                         0x08000bc0   Section        0  stm32f10x_gpio.o(i.GPIO_ResetBits)
    i.GPIO_SPI_Config                        0x08000bc4   Section        0  bsp_gpio_spi.o(i.GPIO_SPI_Config)
    i.GPIO_SetBits                           0x08000c44   Section        0  stm32f10x_gpio.o(i.GPIO_SetBits)
    i.Get_touch_point                        0x08000c48   Section        0  bsp_touch.o(i.Get_touch_point)
    i.HardFault_Handler                      0x08000d34   Section        0  stm32f10x_it.o(i.HardFault_Handler)
    i.LCD_Clear                              0x08000d38   Section        0  bsp_ili9341_lcd.o(i.LCD_Clear)
    i.LCD_DisNum                             0x08000da4   Section        0  bsp_ili9341_lcd.o(i.LCD_DisNum)
    i.LCD_DispChar                           0x08000e0c   Section        0  bsp_ili9341_lcd.o(i.LCD_DispChar)
    i.LCD_DispStr                            0x08000e7c   Section        0  bsp_ili9341_lcd.o(i.LCD_DispStr)
    i.LCD_FSMC_Config                        0x08000eb8   Section        0  bsp_ili9341_lcd.o(i.LCD_FSMC_Config)
    i.LCD_GPIO_Config                        0x08000f14   Section        0  bsp_ili9341_lcd.o(i.LCD_GPIO_Config)
    i.LCD_Init                               0x08000fd8   Section        0  bsp_ili9341_lcd.o(i.LCD_Init)
    i.LCD_OpenWindow                         0x08000fec   Section        0  bsp_ili9341_lcd.o(i.LCD_OpenWindow)
    i.LCD_REG_Config                         0x0800103c   Section        0  bsp_ili9341_lcd.o(i.LCD_REG_Config)
    i.LCD_Rst                                0x08001224   Section        0  bsp_ili9341_lcd.o(i.LCD_Rst)
    i.Lcd_Delay                              0x0800124c   Section        0  bsp_ili9341_lcd.o(i.Lcd_Delay)
    i.Lcd_GramScan                           0x08001260   Section        0  bsp_ili9341_lcd.o(i.Lcd_GramScan)
    i.MemManage_Handler                      0x08001368   Section        0  stm32f10x_it.o(i.MemManage_Handler)
    i.NMI_Handler                            0x0800136c   Section        0  stm32f10x_it.o(i.NMI_Handler)
    i.NVIC_Init                              0x08001370   Section        0  misc.o(i.NVIC_Init)
    i.NVIC_PriorityGroupConfig               0x080013e0   Section        0  misc.o(i.NVIC_PriorityGroupConfig)
    i.PendSV_Handler                         0x080013f4   Section        0  stm32f10x_it.o(i.PendSV_Handler)
    i.RCC_AHBPeriphClockCmd                  0x080013f8   Section        0  stm32f10x_rcc.o(i.RCC_AHBPeriphClockCmd)
    i.RCC_APB2PeriphClockCmd                 0x08001418   Section        0  stm32f10x_rcc.o(i.RCC_APB2PeriphClockCmd)
    i.Read_2046_2                            0x08001438   Section        0  bsp_touch.o(i.Read_2046_2)
    i.SVC_Handler                            0x0800156c   Section        0  stm32f10x_it.o(i.SVC_Handler)
    i.SetSysClock                            0x0800156e   Section        0  system_stm32f10x.o(i.SetSysClock)
    SetSysClock                              0x0800156f   Thumb Code     8  system_stm32f10x.o(i.SetSysClock)
    i.SetSysClockTo72                        0x08001578   Section        0  system_stm32f10x.o(i.SetSysClockTo72)
    SetSysClockTo72                          0x08001579   Thumb Code   214  system_stm32f10x.o(i.SetSysClockTo72)
    i.SysTick_Handler                        0x08001658   Section        0  stm32f10x_it.o(i.SysTick_Handler)
    i.SysTick_Init                           0x08001660   Section        0  bsp_systick.o(i.SysTick_Init)
    i.SystemInit                             0x080016dc   Section        0  system_stm32f10x.o(i.SystemInit)
    i.TP_INT_GPIO_Config                     0x0800173c   Section        0  bsp_gpio_spi.o(i.TP_INT_GPIO_Config)
    TP_INT_GPIO_Config                       0x0800173d   Thumb Code    72  bsp_gpio_spi.o(i.TP_INT_GPIO_Config)
    i.TP_INT_NVIC_Config                     0x08001788   Section        0  bsp_gpio_spi.o(i.TP_INT_NVIC_Config)
    TP_INT_NVIC_Config                       0x08001789   Thumb Code    38  bsp_gpio_spi.o(i.TP_INT_NVIC_Config)
    i.TimingDelay_Decrement                  0x080017b0   Section        0  bsp_systick.o(i.TimingDelay_Decrement)
    i.Touch_Calibrate                        0x080017c8   Section        0  bsp_touch.o(i.Touch_Calibrate)
    i.Touch_GetAdXY                          0x08001b20   Section        0  bsp_touch.o(i.Touch_GetAdXY)
    i.Touch_Init                             0x08001b46   Section        0  bsp_touch.o(i.Touch_Init)
    i.UsageFault_Handler                     0x08001b4e   Section        0  stm32f10x_it.o(i.UsageFault_Handler)
    i.XPT2046_ReadAdc                        0x08001b52   Section        0  bsp_touch.o(i.XPT2046_ReadAdc)
    i.XPT2046_ReadCMD                        0x08001b64   Section        0  bsp_touch.o(i.XPT2046_ReadCMD)
    XPT2046_ReadCMD                          0x08001b65   Thumb Code    86  bsp_touch.o(i.XPT2046_ReadCMD)
    i.XPT2046_WriteCMD                       0x08001bc0   Section        0  bsp_touch.o(i.XPT2046_WriteCMD)
    XPT2046_WriteCMD                         0x08001bc1   Thumb Code    94  bsp_touch.o(i.XPT2046_WriteCMD)
    i.__scatterload_copy                     0x08001c24   Section       14  handlers.o(i.__scatterload_copy)
    i.__scatterload_null                     0x08001c32   Section        2  handlers.o(i.__scatterload_null)
    i.__scatterload_zeroinit                 0x08001c34   Section       14  handlers.o(i.__scatterload_zeroinit)
    i.main                                   0x08001c44   Section        0  main.o(i.main)
    .constdata                               0x08001d98   Section     1140  bsp_ili9341_lcd.o(.constdata)
    .data                                    0x20000000   Section       20  system_stm32f10x.o(.data)
    .data                                    0x20000014   Section        1  stm32f10x_it.o(.data)
    .data                                    0x20000018   Section        4  bsp_systick.o(.data)
    TimingDelay                              0x20000018   Data           4  bsp_systick.o(.data)
    .data                                    0x20000020   Section       78  bsp_touch.o(.data)
    screen                                   0x20000064   Data           4  bsp_touch.o(.data)
    screen2                                  0x20000068   Data           4  bsp_touch.o(.data)
    Pen_color                                0x2000006c   Data           2  bsp_touch.o(.data)
    .bss                                     0x20000070   Section       72  bsp_touch.o(.bss)
    STACK                                    0x200000b8   Section     1024  startup_stm32f10x_hd.o(STACK)

    Global Symbols

    Symbol Name                              Value     Ov Type        Size  Object(Section)

    BuildAttributes$$THM_ISAv4$P$D$K$B$S$PE$A:L22UL41UL21$X:L11$S22US41US21$IEEE1$IW$USESV6$~STKCKD$USESV7$~SHL$OSPACE$ROPI$EBA8$MICROLIB$REQ8$PRES8$EABIv2 0x00000000   Number         0  anon$$obj.o ABSOLUTE
    __ARM_use_no_argv                        0x00000000   Number         0  main.o ABSOLUTE
    __cpp_initialize__aeabi_                  - Undefined Weak Reference
    __cxa_finalize                            - Undefined Weak Reference
    __decompress                              - Undefined Weak Reference
    _clock_init                               - Undefined Weak Reference
    _microlib_exit                            - Undefined Weak Reference
    __Vectors_Size                           0x00000130   Number         0  startup_stm32f10x_hd.o ABSOLUTE
    __Vectors                                0x08000000   Data           4  startup_stm32f10x_hd.o(RESET)
    __Vectors_End                            0x08000130   Data           0  startup_stm32f10x_hd.o(RESET)
    __main                                   0x08000131   Thumb Code     0  entry.o(.ARM.Collect$$$$00000000)
    _main_stk                                0x08000131   Thumb Code     0  entry2.o(.ARM.Collect$$$$00000001)
    _main_scatterload                        0x08000135   Thumb Code     0  entry5.o(.ARM.Collect$$$$00000004)
    __main_after_scatterload                 0x08000139   Thumb Code     0  entry5.o(.ARM.Collect$$$$00000004)
    _main_clock                              0x08000139   Thumb Code     0  entry7b.o(.ARM.Collect$$$$00000008)
    _main_cpp_init                           0x08000139   Thumb Code     0  entry8b.o(.ARM.Collect$$$$0000000A)
    _main_init                               0x08000139   Thumb Code     0  entry9a.o(.ARM.Collect$$$$0000000B)
    __rt_final_cpp                           0x08000141   Thumb Code     0  entry10a.o(.ARM.Collect$$$$0000000D)
    __rt_final_exit                          0x08000141   Thumb Code     0  entry11a.o(.ARM.Collect$$$$0000000F)
    Reset_Handler                            0x08000145   Thumb Code     8  startup_stm32f10x_hd.o(.text)
    ADC1_2_IRQHandler                        0x0800015f   Thumb Code     0  startup_stm32f10x_hd.o(.text)
    ADC3_IRQHandler                          0x0800015f   Thumb Code     0  startup_stm32f10x_hd.o(.text)
    CAN1_RX1_IRQHandler                      0x0800015f   Thumb Code     0  startup_stm32f10x_hd.o(.text)
    CAN1_SCE_IRQHandler                      0x0800015f   Thumb Code     0  startup_stm32f10x_hd.o(.text)
    DMA1_Channel1_IRQHandler                 0x0800015f   Thumb Code     0  startup_stm32f10x_hd.o(.text)
    DMA1_Channel2_IRQHandler                 0x0800015f   Thumb Code     0  startup_stm32f10x_hd.o(.text)
    DMA1_Channel3_IRQHandler                 0x0800015f   Thumb Code     0  startup_stm32f10x_hd.o(.text)
    DMA1_Channel4_IRQHandler                 0x0800015f   Thumb Code     0  startup_stm32f10x_hd.o(.text)
    DMA1_Channel5_IRQHandler                 0x0800015f   Thumb Code     0  startup_stm32f10x_hd.o(.text)
    DMA1_Channel6_IRQHandler                 0x0800015f   Thumb Code     0  startup_stm32f10x_hd.o(.text)
    DMA1_Channel7_IRQHandler                 0x0800015f   Thumb Code     0  startup_stm32f10x_hd.o(.text)
    DMA2_Channel1_IRQHandler                 0x0800015f   Thumb Code     0  startup_stm32f10x_hd.o(.text)
    DMA2_Channel2_IRQHandler                 0x0800015f   Thumb Code     0  startup_stm32f10x_hd.o(.text)
    DMA2_Channel3_IRQHandler                 0x0800015f   Thumb Code     0  startup_stm32f10x_hd.o(.text)
    DMA2_Channel4_5_IRQHandler               0x0800015f   Thumb Code     0  startup_stm32f10x_hd.o(.text)
    EXTI0_IRQHandler                         0x0800015f   Thumb Code     0  startup_stm32f10x_hd.o(.text)
    EXTI15_10_IRQHandler                     0x0800015f   Thumb Code     0  startup_stm32f10x_hd.o(.text)
    EXTI1_IRQHandler                         0x0800015f   Thumb Code     0  startup_stm32f10x_hd.o(.text)
    EXTI2_IRQHandler                         0x0800015f   Thumb Code     0  startup_stm32f10x_hd.o(.text)
    EXTI3_IRQHandler                         0x0800015f   Thumb Code     0  startup_stm32f10x_hd.o(.text)
    EXTI9_5_IRQHandler                       0x0800015f   Thumb Code     0  startup_stm32f10x_hd.o(.text)
    FLASH_IRQHandler                         0x0800015f   Thumb Code     0  startup_stm32f10x_hd.o(.text)
    FSMC_IRQHandler                          0x0800015f   Thumb Code     0  startup_stm32f10x_hd.o(.text)
    I2C1_ER_IRQHandler                       0x0800015f   Thumb Code     0  startup_stm32f10x_hd.o(.text)
    I2C1_EV_IRQHandler                       0x0800015f   Thumb Code     0  startup_stm32f10x_hd.o(.text)
    I2C2_ER_IRQHandler                       0x0800015f   Thumb Code     0  startup_stm32f10x_hd.o(.text)
    I2C2_EV_IRQHandler                       0x0800015f   Thumb Code     0  startup_stm32f10x_hd.o(.text)
    PVD_IRQHandler                           0x0800015f   Thumb Code     0  startup_stm32f10x_hd.o(.text)
    RCC_IRQHandler                           0x0800015f   Thumb Code     0  startup_stm32f10x_hd.o(.text)
    RTCAlarm_IRQHandler                      0x0800015f   Thumb Code     0  startup_stm32f10x_hd.o(.text)
    RTC_IRQHandler                           0x0800015f   Thumb Code     0  startup_stm32f10x_hd.o(.text)
    SDIO_IRQHandler                          0x0800015f   Thumb Code     0  startup_stm32f10x_hd.o(.text)
    SPI1_IRQHandler                          0x0800015f   Thumb Code     0  startup_stm32f10x_hd.o(.text)
    SPI2_IRQHandler                          0x0800015f   Thumb Code     0  startup_stm32f10x_hd.o(.text)
    SPI3_IRQHandler                          0x0800015f   Thumb Code     0  startup_stm32f10x_hd.o(.text)
    TAMPER_IRQHandler                        0x0800015f   Thumb Code     0  startup_stm32f10x_hd.o(.text)
    TIM1_BRK_IRQHandler                      0x0800015f   Thumb Code     0  startup_stm32f10x_hd.o(.text)
    TIM1_CC_IRQHandler                       0x0800015f   Thumb Code     0  startup_stm32f10x_hd.o(.text)
    TIM1_TRG_COM_IRQHandler                  0x0800015f   Thumb Code     0  startup_stm32f10x_hd.o(.text)
    TIM1_UP_IRQHandler                       0x0800015f   Thumb Code     0  startup_stm32f10x_hd.o(.text)
    TIM2_IRQHandler                          0x0800015f   Thumb Code     0  startup_stm32f10x_hd.o(.text)
    TIM3_IRQHandler                          0x0800015f   Thumb Code     0  startup_stm32f10x_hd.o(.text)
    TIM4_IRQHandler                          0x0800015f   Thumb Code     0  startup_stm32f10x_hd.o(.text)
    TIM5_IRQHandler                          0x0800015f   Thumb Code     0  startup_stm32f10x_hd.o(.text)
    TIM6_IRQHandler                          0x0800015f   Thumb Code     0  startup_stm32f10x_hd.o(.text)
    TIM7_IRQHandler                          0x0800015f   Thumb Code     0  startup_stm32f10x_hd.o(.text)
    TIM8_BRK_IRQHandler                      0x0800015f   Thumb Code     0  startup_stm32f10x_hd.o(.text)
    TIM8_CC_IRQHandler                       0x0800015f   Thumb Code     0  startup_stm32f10x_hd.o(.text)
    TIM8_TRG_COM_IRQHandler                  0x0800015f   Thumb Code     0  startup_stm32f10x_hd.o(.text)
    TIM8_UP_IRQHandler                       0x0800015f   Thumb Code     0  startup_stm32f10x_hd.o(.text)
    UART4_IRQHandler                         0x0800015f   Thumb Code     0  startup_stm32f10x_hd.o(.text)
    UART5_IRQHandler                         0x0800015f   Thumb Code     0  startup_stm32f10x_hd.o(.text)
    USART1_IRQHandler                        0x0800015f   Thumb Code     0  startup_stm32f10x_hd.o(.text)
    USART2_IRQHandler                        0x0800015f   Thumb Code     0  startup_stm32f10x_hd.o(.text)
    USART3_IRQHandler                        0x0800015f   Thumb Code     0  startup_stm32f10x_hd.o(.text)
    USBWakeUp_IRQHandler                     0x0800015f   Thumb Code     0  startup_stm32f10x_hd.o(.text)
    USB_HP_CAN1_TX_IRQHandler                0x0800015f   Thumb Code     0  startup_stm32f10x_hd.o(.text)
    USB_LP_CAN1_RX0_IRQHandler               0x0800015f   Thumb Code     0  startup_stm32f10x_hd.o(.text)
    WWDG_IRQHandler                          0x0800015f   Thumb Code     0  startup_stm32f10x_hd.o(.text)
    __aeabi_memset                           0x08000169   Thumb Code    14  memseta.o(.text)
    __aeabi_memset4                          0x08000169   Thumb Code     0  memseta.o(.text)
    __aeabi_memset8                          0x08000169   Thumb Code     0  memseta.o(.text)
    __aeabi_memclr                           0x08000177   Thumb Code     4  memseta.o(.text)
    __aeabi_memclr4                          0x08000177   Thumb Code     0  memseta.o(.text)
    __aeabi_memclr8                          0x08000177   Thumb Code     0  memseta.o(.text)
    _memset$wrapper                          0x0800017b   Thumb Code    18  memseta.o(.text)
    __aeabi_dadd                             0x0800018d   Thumb Code   322  dadd.o(.text)
    __aeabi_dsub                             0x080002cf   Thumb Code     6  dadd.o(.text)
    __aeabi_drsub                            0x080002d5   Thumb Code     6  dadd.o(.text)
    __aeabi_dmul                             0x080002db   Thumb Code   228  dmul.o(.text)
    __aeabi_ddiv                             0x080003bf   Thumb Code   222  ddiv.o(.text)
    __aeabi_i2d                              0x0800049d   Thumb Code    34  dflti.o(.text)
    __aeabi_ui2d                             0x080004bf   Thumb Code    26  dfltui.o(.text)
    __aeabi_d2uiz                            0x080004d9   Thumb Code    50  dfixui.o(.text)
    __aeabi_cdcmpeq                          0x0800050d   Thumb Code     0  cdcmple.o(.text)
    __aeabi_cdcmple                          0x0800050d   Thumb Code    38  cdcmple.o(.text)
    __aeabi_llsl                             0x08000535   Thumb Code    30  llshl.o(.text)
    _ll_shift_l                              0x08000535   Thumb Code     0  llshl.o(.text)
    __aeabi_llsr                             0x08000553   Thumb Code    32  llushr.o(.text)
    _ll_ushift_r                             0x08000553   Thumb Code     0  llushr.o(.text)
    __aeabi_lasr                             0x08000573   Thumb Code    36  llsshr.o(.text)
    _ll_sshift_r                             0x08000573   Thumb Code     0  llsshr.o(.text)
    __I$use$fp                               0x08000597   Thumb Code     0  iusefp.o(.text)
    _double_round                            0x08000597   Thumb Code    26  depilogue.o(.text)
    _double_epilogue                         0x080005b1   Thumb Code   156  depilogue.o(.text)
    __scatterload                            0x0800064d   Thumb Code    28  init.o(.text)
    __scatterload_rt2                        0x0800064d   Thumb Code     0  init.o(.text)
    BusFault_Handler                         0x08000671   Thumb Code     4  stm32f10x_it.o(i.BusFault_Handler)
    Cal_touch_para                           0x08000675   Thumb Code   356  bsp_touch.o(i.Cal_touch_para)
    DebugMon_Handler                         0x080007d9   Thumb Code     2  stm32f10x_it.o(i.DebugMon_Handler)
    Delay_us                                 0x080007fd   Thumb Code    36  bsp_systick.o(i.Delay_us)
    DrawCross                                0x08000825   Thumb Code    52  bsp_touch.o(i.DrawCross)
    EXTI4_IRQHandler                         0x08000859   Thumb Code    24  stm32f10x_it.o(i.EXTI4_IRQHandler)
    EXTI_ClearITPendingBit                   0x08000875   Thumb Code     6  stm32f10x_exti.o(i.EXTI_ClearITPendingBit)
    EXTI_GetITStatus                         0x08000881   Thumb Code    34  stm32f10x_exti.o(i.EXTI_GetITStatus)
    EXTI_Init                                0x080008a9   Thumb Code   142  stm32f10x_exti.o(i.EXTI_Init)
    FSMC_NORSRAMCmd                          0x0800093d   Thumb Code    46  stm32f10x_fsmc.o(i.FSMC_NORSRAMCmd)
    FSMC_NORSRAMInit                         0x08000971   Thumb Code   230  stm32f10x_fsmc.o(i.FSMC_NORSRAMInit)
    GPIO_EXTILineConfig                      0x08000a59   Thumb Code    60  stm32f10x_gpio.o(i.GPIO_EXTILineConfig)
    GPIO_Init                                0x08000a99   Thumb Code   278  stm32f10x_gpio.o(i.GPIO_Init)
    GPIO_ReadInputDataBit                    0x08000baf   Thumb Code    18  stm32f10x_gpio.o(i.GPIO_ReadInputDataBit)
    GPIO_ResetBits                           0x08000bc1   Thumb Code     4  stm32f10x_gpio.o(i.GPIO_ResetBits)
    GPIO_SPI_Config                          0x08000bc5   Thumb Code   118  bsp_gpio_spi.o(i.GPIO_SPI_Config)
    GPIO_SetBits                             0x08000c45   Thumb Code     4  stm32f10x_gpio.o(i.GPIO_SetBits)
    Get_touch_point                          0x08000c49   Thumb Code   210  bsp_touch.o(i.Get_touch_point)
    HardFault_Handler                        0x08000d35   Thumb Code     4  stm32f10x_it.o(i.HardFault_Handler)
    LCD_Clear                                0x08000d39   Thumb Code   102  bsp_ili9341_lcd.o(i.LCD_Clear)
    LCD_DisNum                               0x08000da5   Thumb Code   104  bsp_ili9341_lcd.o(i.LCD_DisNum)
    LCD_DispChar                             0x08000e0d   Thumb Code   102  bsp_ili9341_lcd.o(i.LCD_DispChar)
    LCD_DispStr                              0x08000e7d   Thumb Code    60  bsp_ili9341_lcd.o(i.LCD_DispStr)
    LCD_FSMC_Config                          0x08000eb9   Thumb Code    92  bsp_ili9341_lcd.o(i.LCD_FSMC_Config)
    LCD_GPIO_Config                          0x08000f15   Thumb Code   182  bsp_ili9341_lcd.o(i.LCD_GPIO_Config)
    LCD_Init                                 0x08000fd9   Thumb Code    20  bsp_ili9341_lcd.o(i.LCD_Init)
    LCD_OpenWindow                           0x08000fed   Thumb Code    74  bsp_ili9341_lcd.o(i.LCD_OpenWindow)
    LCD_REG_Config                           0x0800103d   Thumb Code   478  bsp_ili9341_lcd.o(i.LCD_REG_Config)
    LCD_Rst                                  0x08001225   Thumb Code    32  bsp_ili9341_lcd.o(i.LCD_Rst)
    Lcd_Delay                                0x0800124d   Thumb Code    18  bsp_ili9341_lcd.o(i.Lcd_Delay)
    Lcd_GramScan                             0x08001261   Thumb Code   260  bsp_ili9341_lcd.o(i.Lcd_GramScan)
    MemManage_Handler                        0x08001369   Thumb Code     4  stm32f10x_it.o(i.MemManage_Handler)
    NMI_Handler                              0x0800136d   Thumb Code     2  stm32f10x_it.o(i.NMI_Handler)
    NVIC_Init                                0x08001371   Thumb Code   100  misc.o(i.NVIC_Init)
    NVIC_PriorityGroupConfig                 0x080013e1   Thumb Code    10  misc.o(i.NVIC_PriorityGroupConfig)
    PendSV_Handler                           0x080013f5   Thumb Code     2  stm32f10x_it.o(i.PendSV_Handler)
    RCC_AHBPeriphClockCmd                    0x080013f9   Thumb Code    26  stm32f10x_rcc.o(i.RCC_AHBPeriphClockCmd)
    RCC_APB2PeriphClockCmd                   0x08001419   Thumb Code    26  stm32f10x_rcc.o(i.RCC_APB2PeriphClockCmd)
    Read_2046_2                              0x08001439   Thumb Code   296  bsp_touch.o(i.Read_2046_2)
    SVC_Handler                              0x0800156d   Thumb Code     2  stm32f10x_it.o(i.SVC_Handler)
    SysTick_Handler                          0x08001659   Thumb Code     8  stm32f10x_it.o(i.SysTick_Handler)
    SysTick_Init                             0x08001661   Thumb Code   106  bsp_systick.o(i.SysTick_Init)
    SystemInit                               0x080016dd   Thumb Code    78  system_stm32f10x.o(i.SystemInit)
    TimingDelay_Decrement                    0x080017b1   Thumb Code    18  bsp_systick.o(i.TimingDelay_Decrement)
    Touch_Calibrate                          0x080017c9   Thumb Code   730  bsp_touch.o(i.Touch_Calibrate)
    Touch_GetAdXY                            0x08001b21   Thumb Code    38  bsp_touch.o(i.Touch_GetAdXY)
    Touch_Init                               0x08001b47   Thumb Code     8  bsp_touch.o(i.Touch_Init)
    UsageFault_Handler                       0x08001b4f   Thumb Code     4  stm32f10x_it.o(i.UsageFault_Handler)
    XPT2046_ReadAdc                          0x08001b53   Thumb Code    16  bsp_touch.o(i.XPT2046_ReadAdc)
    __scatterload_copy                       0x08001c25   Thumb Code    14  handlers.o(i.__scatterload_copy)
    __scatterload_null                       0x08001c33   Thumb Code     2  handlers.o(i.__scatterload_null)
    __scatterload_zeroinit                   0x08001c35   Thumb Code    14  handlers.o(i.__scatterload_zeroinit)
    main                                     0x08001c45   Thumb Code   332  main.o(i.main)
    asc2_1206                                0x08001d98   Data        1140  bsp_ili9341_lcd.o(.constdata)
    Region$$Table$$Base                      0x0800220c   Number         0  anon$$obj.o(Region$$Table)
    Region$$Table$$Limit                     0x0800222c   Number         0  anon$$obj.o(Region$$Table)
    SystemCoreClock                          0x20000000   Data           4  system_stm32f10x.o(.data)
    AHBPrescTable                            0x20000004   Data          16  system_stm32f10x.o(.data)
    touch_flag                               0x20000014   Data           1  stm32f10x_it.o(.data)
    aa1                                      0x20000020   Data           8  bsp_touch.o(.data)
    bb1                                      0x20000028   Data           8  bsp_touch.o(.data)
    cc1                                      0x20000030   Data           8  bsp_touch.o(.data)
    aa2                                      0x20000038   Data           8  bsp_touch.o(.data)
    bb2                                      0x20000040   Data           8  bsp_touch.o(.data)
    cc2                                      0x20000048   Data           8  bsp_touch.o(.data)
    DisplaySample                            0x20000050   Data          16  bsp_touch.o(.data)
    display                                  0x20000060   Data           4  bsp_touch.o(.data)
    ScreenSample                             0x20000070   Data          16  bsp_touch.o(.bss)
    touch_para                               0x20000080   Data          56  bsp_touch.o(.bss)
    __initial_sp                             0x200004b8   Data           0  startup_stm32f10x_hd.o(STACK)



==============================================================================

Memory Map of the image

  Image Entry point : 0x08000131

  Load Region LR_IROM1 (Base: 0x08000000, Size: 0x0000229c, Max: 0x00080000, ABSOLUTE)

    Execution Region ER_IROM1 (Base: 0x08000000, Size: 0x0000222c, Max: 0x00080000, ABSOLUTE)

    Base Addr    Size         Type   Attr      Idx    E Section Name        Object

    0x08000000   0x00000130   Data   RO            3    RESET               startup_stm32f10x_hd.o
    0x08000130   0x00000000   Code   RO         2080  * .ARM.Collect$$$$00000000  mc_w.l(entry.o)
    0x08000130   0x00000004   Code   RO         2099    .ARM.Collect$$$$00000001  mc_w.l(entry2.o)
    0x08000134   0x00000004   Code   RO         2102    .ARM.Collect$$$$00000004  mc_w.l(entry5.o)
    0x08000138   0x00000000   Code   RO         2104    .ARM.Collect$$$$00000008  mc_w.l(entry7b.o)
    0x08000138   0x00000000   Code   RO         2106    .ARM.Collect$$$$0000000A  mc_w.l(entry8b.o)
    0x08000138   0x00000008   Code   RO         2107    .ARM.Collect$$$$0000000B  mc_w.l(entry9a.o)
    0x08000140   0x00000000   Code   RO         2109    .ARM.Collect$$$$0000000D  mc_w.l(entry10a.o)
    0x08000140   0x00000000   Code   RO         2111    .ARM.Collect$$$$0000000F  mc_w.l(entry11a.o)
    0x08000140   0x00000004   Code   RO         2100    .ARM.Collect$$$$00002712  mc_w.l(entry2.o)
    0x08000144   0x00000024   Code   RO            4    .text               startup_stm32f10x_hd.o
    0x08000168   0x00000024   Code   RO         2083    .text               mc_w.l(memseta.o)
    0x0800018c   0x0000014e   Code   RO         2085    .text               mf_w.l(dadd.o)
    0x080002da   0x000000e4   Code   RO         2087    .text               mf_w.l(dmul.o)
    0x080003be   0x000000de   Code   RO         2089    .text               mf_w.l(ddiv.o)
    0x0800049c   0x00000022   Code   RO         2091    .text               mf_w.l(dflti.o)
    0x080004be   0x0000001a   Code   RO         2093    .text               mf_w.l(dfltui.o)
    0x080004d8   0x00000032   Code   RO         2095    .text               mf_w.l(dfixui.o)
    0x0800050a   0x00000002   PAD
    0x0800050c   0x00000028   Code   RO         2097    .text               mf_w.l(cdcmple.o)
    0x08000534   0x0000001e   Code   RO         2113    .text               mc_w.l(llshl.o)
    0x08000552   0x00000020   Code   RO         2115    .text               mc_w.l(llushr.o)
    0x08000572   0x00000024   Code   RO         2117    .text               mc_w.l(llsshr.o)
    0x08000596   0x00000000   Code   RO         2119    .text               mc_w.l(iusefp.o)
    0x08000596   0x000000b6   Code   RO         2120    .text               mf_w.l(depilogue.o)
    0x0800064c   0x00000024   Code   RO         2122    .text               mc_w.l(init.o)
    0x08000670   0x00000004   Code   RO         1747    i.BusFault_Handler  stm32f10x_it.o
    0x08000674   0x00000164   Code   RO         1982    i.Cal_touch_para    bsp_touch.o
    0x080007d8   0x00000002   Code   RO         1748    i.DebugMon_Handler  stm32f10x_it.o
    0x080007da   0x00000020   Code   RO         1983    i.DelayUS           bsp_touch.o
    0x080007fa   0x00000002   PAD
    0x080007fc   0x00000028   Code   RO         1927    i.Delay_us          bsp_systick.o
    0x08000824   0x00000034   Code   RO         1984    i.DrawCross         bsp_touch.o
    0x08000858   0x0000001c   Code   RO         1749    i.EXTI4_IRQHandler  stm32f10x_it.o
    0x08000874   0x0000000c   Code   RO          508    i.EXTI_ClearITPendingBit  stm32f10x_exti.o
    0x08000880   0x00000028   Code   RO          512    i.EXTI_GetITStatus  stm32f10x_exti.o
    0x080008a8   0x00000094   Code   RO          513    i.EXTI_Init         stm32f10x_exti.o
    0x0800093c   0x00000034   Code   RO         1609    i.FSMC_NORSRAMCmd   stm32f10x_fsmc.o
    0x08000970   0x000000e6   Code   RO         1611    i.FSMC_NORSRAMInit  stm32f10x_fsmc.o
    0x08000a56   0x00000002   PAD
    0x08000a58   0x00000040   Code   RO          564    i.GPIO_EXTILineConfig  stm32f10x_gpio.o
    0x08000a98   0x00000116   Code   RO          567    i.GPIO_Init         stm32f10x_gpio.o
    0x08000bae   0x00000012   Code   RO          571    i.GPIO_ReadInputDataBit  stm32f10x_gpio.o
    0x08000bc0   0x00000004   Code   RO          574    i.GPIO_ResetBits    stm32f10x_gpio.o
    0x08000bc4   0x00000080   Code   RO         1957    i.GPIO_SPI_Config   bsp_gpio_spi.o
    0x08000c44   0x00000004   Code   RO          575    i.GPIO_SetBits      stm32f10x_gpio.o
    0x08000c48   0x000000ec   Code   RO         1985    i.Get_touch_point   bsp_touch.o
    0x08000d34   0x00000004   Code   RO         1750    i.HardFault_Handler  stm32f10x_it.o
    0x08000d38   0x0000006c   Code   RO         1819    i.LCD_Clear         bsp_ili9341_lcd.o
    0x08000da4   0x00000068   Code   RO         1820    i.LCD_DisNum        bsp_ili9341_lcd.o
    0x08000e0c   0x00000070   Code   RO         1821    i.LCD_DispChar      bsp_ili9341_lcd.o
    0x08000e7c   0x0000003c   Code   RO         1822    i.LCD_DispStr       bsp_ili9341_lcd.o
    0x08000eb8   0x0000005c   Code   RO         1823    i.LCD_FSMC_Config   bsp_ili9341_lcd.o
    0x08000f14   0x000000c4   Code   RO         1824    i.LCD_GPIO_Config   bsp_ili9341_lcd.o
    0x08000fd8   0x00000014   Code   RO         1826    i.LCD_Init          bsp_ili9341_lcd.o
    0x08000fec   0x00000050   Code   RO         1827    i.LCD_OpenWindow    bsp_ili9341_lcd.o
    0x0800103c   0x000001e8   Code   RO         1829    i.LCD_REG_Config    bsp_ili9341_lcd.o
    0x08001224   0x00000028   Code   RO         1830    i.LCD_Rst           bsp_ili9341_lcd.o
    0x0800124c   0x00000012   Code   RO         1833    i.Lcd_Delay         bsp_ili9341_lcd.o
    0x0800125e   0x00000002   PAD
    0x08001260   0x00000108   Code   RO         1834    i.Lcd_GramScan      bsp_ili9341_lcd.o
    0x08001368   0x00000004   Code   RO         1751    i.MemManage_Handler  stm32f10x_it.o
    0x0800136c   0x00000002   Code   RO         1752    i.NMI_Handler       stm32f10x_it.o
    0x0800136e   0x00000002   PAD
    0x08001370   0x00000070   Code   RO           86    i.NVIC_Init         misc.o
    0x080013e0   0x00000014   Code   RO           87    i.NVIC_PriorityGroupConfig  misc.o
    0x080013f4   0x00000002   Code   RO         1753    i.PendSV_Handler    stm32f10x_it.o
    0x080013f6   0x00000002   PAD
    0x080013f8   0x00000020   Code   RO          880    i.RCC_AHBPeriphClockCmd  stm32f10x_rcc.o
    0x08001418   0x00000020   Code   RO          883    i.RCC_APB2PeriphClockCmd  stm32f10x_rcc.o
    0x08001438   0x00000134   Code   RO         1989    i.Read_2046_2       bsp_touch.o
    0x0800156c   0x00000002   Code   RO         1754    i.SVC_Handler       stm32f10x_it.o
    0x0800156e   0x00000008   Code   RO           24    i.SetSysClock       system_stm32f10x.o
    0x08001576   0x00000002   PAD
    0x08001578   0x000000e0   Code   RO           25    i.SetSysClockTo72   system_stm32f10x.o
    0x08001658   0x00000008   Code   RO         1755    i.SysTick_Handler   stm32f10x_it.o
    0x08001660   0x0000007c   Code   RO         1928    i.SysTick_Init      bsp_systick.o
    0x080016dc   0x00000060   Code   RO           27    i.SystemInit        system_stm32f10x.o
    0x0800173c   0x0000004c   Code   RO         1958    i.TP_INT_GPIO_Config  bsp_gpio_spi.o
    0x08001788   0x00000026   Code   RO         1959    i.TP_INT_NVIC_Config  bsp_gpio_spi.o
    0x080017ae   0x00000002   PAD
    0x080017b0   0x00000018   Code   RO         1929    i.TimingDelay_Decrement  bsp_systick.o
    0x080017c8   0x00000358   Code   RO         1990    i.Touch_Calibrate   bsp_touch.o
    0x08001b20   0x00000026   Code   RO         1991    i.Touch_GetAdXY     bsp_touch.o
    0x08001b46   0x00000008   Code   RO         1992    i.Touch_Init        bsp_touch.o
    0x08001b4e   0x00000004   Code   RO         1756    i.UsageFault_Handler  stm32f10x_it.o
    0x08001b52   0x00000010   Code   RO         1993    i.XPT2046_ReadAdc   bsp_touch.o
    0x08001b62   0x00000002   PAD
    0x08001b64   0x0000005c   Code   RO         1994    i.XPT2046_ReadCMD   bsp_touch.o
    0x08001bc0   0x00000064   Code   RO         1995    i.XPT2046_WriteCMD  bsp_touch.o
    0x08001c24   0x0000000e   Code   RO         2126    i.__scatterload_copy  mc_w.l(handlers.o)
    0x08001c32   0x00000002   Code   RO         2127    i.__scatterload_null  mc_w.l(handlers.o)
    0x08001c34   0x0000000e   Code   RO         2128    i.__scatterload_zeroinit  mc_w.l(handlers.o)
    0x08001c42   0x00000002   PAD
    0x08001c44   0x00000154   Code   RO         1719    i.main              main.o
    0x08001d98   0x00000474   Data   RO         1835    .constdata          bsp_ili9341_lcd.o
    0x0800220c   0x00000020   Data   RO         2124    Region$$Table       anon$$obj.o


    Execution Region RW_IRAM1 (Base: 0x20000000, Size: 0x000004b8, Max: 0x00010000, ABSOLUTE)

    Base Addr    Size         Type   Attr      Idx    E Section Name        Object

    0x20000000   0x00000014   Data   RW           28    .data               system_stm32f10x.o
    0x20000014   0x00000001   Data   RW         1757    .data               stm32f10x_it.o
    0x20000015   0x00000003   PAD
    0x20000018   0x00000004   Data   RW         1930    .data               bsp_systick.o
    0x2000001c   0x00000004   PAD
    0x20000020   0x0000004e   Data   RW         1997    .data               bsp_touch.o
    0x2000006e   0x00000002   PAD
    0x20000070   0x00000048   Zero   RW         1996    .bss                bsp_touch.o
    0x200000b8   0x00000400   Zero   RW            1    STACK               startup_stm32f10x_hd.o


==============================================================================

Image component sizes


      Code (inc. data)   RO Data    RW Data    ZI Data      Debug   Object Name

       242         14          0          0          0       1958   bsp_gpio_spi.o
      1582         58       1140          0          0      10408   bsp_ili9341_lcd.o
       188         28          0          4          0      18037   bsp_systick.o
      2094        176          0         78         72      12560   bsp_touch.o
         0          0          0          0          0       4272   core_cm3.o
       340          8          0          0          0        803   main.o
       132         22          0          0          0       1923   misc.o
        36          8        304          0       1024        932   startup_stm32f10x_hd.o
       200         18          0          0          0       2612   stm32f10x_exti.o
       282          6          0          0          0       2201   stm32f10x_fsmc.o
       368          4          0          0          0       5022   stm32f10x_gpio.o
        60          4          0          1          0       6030   stm32f10x_it.o
        64         12          0          0          0       1397   stm32f10x_rcc.o
       328         28          0         20          0     226897   system_stm32f10x.o

    ----------------------------------------------------------------------
      5932        386       1476        112       1096     295052   Object Totals
         0          0         32          0          0          0   (incl. Generated)
        16          0          0          9          0          0   (incl. Padding)

    ----------------------------------------------------------------------

      Code (inc. data)   RO Data    RW Data    ZI Data      Debug   Library Member Name

         0          0          0          0          0          0   entry.o
         0          0          0          0          0          0   entry10a.o
         0          0          0          0          0          0   entry11a.o
         8          4          0          0          0          0   entry2.o
         4          0          0          0          0          0   entry5.o
         0          0          0          0          0          0   entry7b.o
         0          0          0          0          0          0   entry8b.o
         8          4          0          0          0          0   entry9a.o
        30          0          0          0          0          0   handlers.o
        36          8          0          0          0         68   init.o
         0          0          0          0          0          0   iusefp.o
        30          0          0          0          0         68   llshl.o
        36          0          0          0          0         68   llsshr.o
        32          0          0          0          0         68   llushr.o
        36          0          0          0          0        108   memseta.o
        40          2          0          0          0         68   cdcmple.o
       334          0          0          0          0        148   dadd.o
       222          0          0          0          0        100   ddiv.o
       182          0          0          0          0        176   depilogue.o
        50          0          0          0          0         76   dfixui.o
        34          0          0          0          0         76   dflti.o
        26          0          0          0          0         76   dfltui.o
       228          0          0          0          0         96   dmul.o

    ----------------------------------------------------------------------
      1340         18          0          0          0       1196   Library Totals
         4          0          0          0          0          0   (incl. Padding)

    ----------------------------------------------------------------------

      Code (inc. data)   RO Data    RW Data    ZI Data      Debug   Library Name

       220         16          0          0          0        380   mc_w.l
      1116          2          0          0          0        816   mf_w.l

    ----------------------------------------------------------------------
      1340         18          0          0          0       1196   Library Totals

    ----------------------------------------------------------------------

==============================================================================


      Code (inc. data)   RO Data    RW Data    ZI Data      Debug   

      7272        404       1476        112       1096     293124   Grand Totals
      7272        404       1476        112       1096     293124   ELF Image Totals
      7272        404       1476        112          0          0   ROM Totals

==============================================================================

    Total RO  Size (Code + RO Data)                 8748 (   8.54kB)
    Total RW  Size (RW Data + ZI Data)              1208 (   1.18kB)
    Total ROM Size (Code + RO Data + RW Data)       8860 (   8.65kB)

==============================================================================

